
Memory Configuration

Name             Origin             Length             Attributes
INTROM           0x00000000         0x00080000         axrl
INTRAM           0x05ff7000         0x00100000         axw
*default*        0x00000000         0xffffffff

Linker script and memory map

LOAD start.o
LOAD vector.o
LOAD training.o
LOAD main.o
LOAD test_suite.o
LOAD test_instruction.o
LOAD c:/kpit/gnuv850v14.01-elf/v850-elf/bin/../lib/gcc/v850-elf/4.9-GNUV850_v14.01/../../../../v850-elf/lib/soft-float\libm.a
LOAD c:/kpit/gnuv850v14.01-elf/v850-elf/bin/../lib/gcc/v850-elf/4.9-GNUV850_v14.01/soft-float\libgcc.a
LOAD c:/kpit/gnuv850v14.01-elf/v850-elf/bin/../lib/gcc/v850-elf/4.9-GNUV850_v14.01/../../../../v850-elf/lib/soft-float\libc.a

.vector         0x00000000      0x7d0
 *(.vectors)
 .vectors       0x00000000      0x7d0 vector.o
                0x00000000                __reset

.text           0x000007d0      0x290
                0x000007d0                __text = .
                0x000007d0                __tp = .
 *(.text)
 .text          0x000007d0       0x30 start.o
                0x000007d0                _start
                0x000007f0                _default_int_handler
 .text          0x00000800        0x0 vector.o
 .text          0x00000800       0x10 training.o
                0x00000800                _training
 .text          0x00000810      0x142 main.o
                0x00000872                _main
                0x000008a6                _bss_clear
                0x000008ee                _data_init
 .text          0x00000952       0xba test_suite.o
                0x000009b4                _test_suite
 *fill*         0x00000a0c        0x4 
 .text          0x00000a10       0x50 test_instruction.o
                0x00000a10                _do_test_add1_1
                0x00000a60                _etext = .

.rodata         0x00000a60       0x3f
 *(.rodata)
 .rodata        0x00000a60        0xf main.o
 .rodata        0x00000a6f       0x30 test_suite.o
                0x00000aa0                . = ALIGN (0x4)
                0x00000aa0                __idata_start = .

.data           0x05ff7000        0x4 load address 0x00000aa0
                0x05ff7000                . = ALIGN (0x4)
                0x05ff7000                __data_start = .
 *(.data)
 .data          0x05ff7000        0x0 start.o
 .data          0x05ff7000        0x0 vector.o
 .data          0x05ff7000        0x0 training.o
 .data          0x05ff7000        0x4 main.o
 .data          0x05ff7004        0x0 test_suite.o
 .data          0x05ff7004        0x0 test_instruction.o
                0x05ff7004                . = ALIGN (0x4)
                0x05ff7004                _edata = .
                0x00000aa4                __idata_end = (__idata_start + SIZEOF (.data))

bss_noclr       0x05ff7004      0x400 load address 0x00000aa4
                0x05ff7004                PROVIDE (___start_bss_noclr, .)
 bss_noclr      0x05ff7004      0x400 main.o
                0x05ff7004                _stack_data
                0x05ff7404                PROVIDE (___stop_bss_noclr, .)

.bss            0x05ff7404        0x4 load address 0x00000ea4
                0x05ff7404                . = ALIGN (0x4)
                0x05ff7404                __bss_start = .
 *(.bss)
 .bss           0x05ff7404        0x0 start.o
 .bss           0x05ff7404        0x0 vector.o
 .bss           0x05ff7404        0x0 training.o
 .bss           0x05ff7404        0x4 main.o
 .bss           0x05ff7408        0x0 test_suite.o
 .bss           0x05ff7408        0x0 test_instruction.o
 *(COMMON)
                0x05ff7408                . = ALIGN (0x4)
                0x05ff7408                __bss_end = .

.bss_noclr      0x05ff7408        0x0
                0x05ff7408                . = ALIGN (0x4)
 *(.bss_noclr)
                0x05ff7408                . = ALIGN (0x4)

.comment        0x00000000       0x29
 *(.comment)
 .comment       0x00000000       0x29 main.o
                                 0x2a (size before relaxing)
 .comment       0x00000000       0x2a test_suite.o

.note.renesas   0x00000000       0xb4
 .note.renesas  0x00000000       0xb4 start.o
 .note.renesas  0x00000000       0xb4 vector.o
 .note.renesas  0x00000000       0xb4 training.o
 .note.renesas  0x00000000       0xb4 main.o
 .note.renesas  0x00000000       0xb4 test_suite.o
 .note.renesas  0x00000000       0xb4 test_instruction.o

.debug
 *(.debug)

.line
 *(.line)

.debug_srcinfo
 *(.debug_srcinfo)

.debug_sfnames
 *(.debug_sfnames)

.debug_aranges  0x00000000       0xc0
 *(.debug_aranges)
 .debug_aranges
                0x00000000       0x20 start.o
 .debug_aranges
                0x00000020       0x20 vector.o
 .debug_aranges
                0x00000040       0x20 training.o
 .debug_aranges
                0x00000060       0x20 main.o
 .debug_aranges
                0x00000080       0x20 test_suite.o
 .debug_aranges
                0x000000a0       0x20 test_instruction.o

.debug_pubnames
 *(.debug_pubnames)
OUTPUT(test_main.elf elf32-v850-rh850)

.debug_line     0x00000000      0x587
 .debug_line    0x00000000       0x3e start.o
 .debug_line    0x0000003e      0x3a2 vector.o
 .debug_line    0x000003e0       0x3b training.o
 .debug_line    0x0000041b       0x9e main.o
 .debug_line    0x000004b9       0x73 test_suite.o
 .debug_line    0x0000052c       0x5b test_instruction.o

.debug_info     0x00000000      0x425
 .debug_info    0x00000000       0x6c start.o
 .debug_info    0x0000006c       0x6d vector.o
 .debug_info    0x000000d9       0x6f training.o
 .debug_info    0x00000148      0x1dd main.o
 .debug_info    0x00000325       0x89 test_suite.o
 .debug_info    0x000003ae       0x77 test_instruction.o

.debug_abbrev   0x00000000      0x1bf
 .debug_abbrev  0x00000000       0x14 start.o
 .debug_abbrev  0x00000014       0x14 vector.o
 .debug_abbrev  0x00000028       0x14 training.o
 .debug_abbrev  0x0000003c       0xe7 main.o
 .debug_abbrev  0x00000123       0x88 test_suite.o
 .debug_abbrev  0x000001ab       0x14 test_instruction.o

.debug_frame    0x00000000       0xc8
 .debug_frame   0x00000000       0x80 main.o
 .debug_frame   0x00000080       0x48 test_suite.o

.debug_loc      0x00000000      0x108
 .debug_loc     0x00000000       0xb0 main.o
 .debug_loc     0x000000b0       0x58 test_suite.o

.debug_str      0x00000000      0x1b4
 .debug_str     0x00000000      0x19c main.o
                                0x1d5 (size before relaxing)
 .debug_str     0x0000019c       0x18 test_suite.o
                                 0xc9 (size before relaxing)
